<?xml version="1.0" encoding="ISO-8859-1" ?>
<link_info>
   <banner>TI ARM Linker PC v20.2.5.LTS</banner>
   <copyright>Copyright (c) 1996-2018 Texas Instruments Incorporated</copyright>
   <link_time>0x61b11a6a</link_time>
   <link_errors>0x0</link_errors>
   <output_file>EGCP_450_Lab_7_7seg_Part_1.out</output_file>
   <entry_point>
      <name>_c_int00_noargs</name>
      <address>0x484d</address>
   </entry_point>
   <input_file_list>
      <input_file id="fl-2">
         <path>.\</path>
         <kind>object</kind>
         <file>SSEG.obj</file>
         <name>SSEG.obj</name>
      </input_file>
      <input_file id="fl-3">
         <path>.\</path>
         <kind>object</kind>
         <file>SysTick.obj</file>
         <name>SysTick.obj</name>
      </input_file>
      <input_file id="fl-4">
         <path>.\</path>
         <kind>object</kind>
         <file>main.obj</file>
         <name>main.obj</name>
      </input_file>
      <input_file id="fl-5">
         <path>.\</path>
         <kind>object</kind>
         <file>msp432_startup_ccs.obj</file>
         <name>msp432_startup_ccs.obj</name>
      </input_file>
      <input_file id="fl-9">
         <kind>object</kind>
         <file>&lt;internal&gt;</file>
         <name>&lt;internal&gt;</name>
      </input_file>
      <input_file id="fl-bf">
         <path>C:\ti\ccs1040\ccs\tools\compiler\ti-cgt-arm_20.2.5.LTS\lib\</path>
         <kind>archive</kind>
         <file>rtsv7M4_T_le_v4SPD16_eabi.lib</file>
         <name>printf.c.obj</name>
      </input_file>
      <input_file id="fl-c0">
         <path>C:\ti\ccs1040\ccs\tools\compiler\ti-cgt-arm_20.2.5.LTS\lib\</path>
         <kind>archive</kind>
         <file>rtsv7M4_T_le_v4SPD16_eabi.lib</file>
         <name>_printfi.c.obj</name>
      </input_file>
      <input_file id="fl-c1">
         <path>C:\ti\ccs1040\ccs\tools\compiler\ti-cgt-arm_20.2.5.LTS\lib\</path>
         <kind>archive</kind>
         <file>rtsv7M4_T_le_v4SPD16_eabi.lib</file>
         <name>fscanf.c.obj</name>
      </input_file>
      <input_file id="fl-c2">
         <path>C:\ti\ccs1040\ccs\tools\compiler\ti-cgt-arm_20.2.5.LTS\lib\</path>
         <kind>archive</kind>
         <file>rtsv7M4_T_le_v4SPD16_eabi.lib</file>
         <name>fgetc.c.obj</name>
      </input_file>
      <input_file id="fl-c3">
         <path>C:\ti\ccs1040\ccs\tools\compiler\ti-cgt-arm_20.2.5.LTS\lib\</path>
         <kind>archive</kind>
         <file>rtsv7M4_T_le_v4SPD16_eabi.lib</file>
         <name>fputc.c.obj</name>
      </input_file>
      <input_file id="fl-c4">
         <path>C:\ti\ccs1040\ccs\tools\compiler\ti-cgt-arm_20.2.5.LTS\lib\</path>
         <kind>archive</kind>
         <file>rtsv7M4_T_le_v4SPD16_eabi.lib</file>
         <name>fputs.c.obj</name>
      </input_file>
      <input_file id="fl-c5">
         <path>C:\ti\ccs1040\ccs\tools\compiler\ti-cgt-arm_20.2.5.LTS\lib\</path>
         <kind>archive</kind>
         <file>rtsv7M4_T_le_v4SPD16_eabi.lib</file>
         <name>_bufread.c.obj</name>
      </input_file>
      <input_file id="fl-c6">
         <path>C:\ti\ccs1040\ccs\tools\compiler\ti-cgt-arm_20.2.5.LTS\lib\</path>
         <kind>archive</kind>
         <file>rtsv7M4_T_le_v4SPD16_eabi.lib</file>
         <name>_io_perm.c.obj</name>
      </input_file>
      <input_file id="fl-c7">
         <path>C:\ti\ccs1040\ccs\tools\compiler\ti-cgt-arm_20.2.5.LTS\lib\</path>
         <kind>archive</kind>
         <file>rtsv7M4_T_le_v4SPD16_eabi.lib</file>
         <name>setvbuf.c.obj</name>
      </input_file>
      <input_file id="fl-c8">
         <path>C:\ti\ccs1040\ccs\tools\compiler\ti-cgt-arm_20.2.5.LTS\lib\</path>
         <kind>archive</kind>
         <file>rtsv7M4_T_le_v4SPD16_eabi.lib</file>
         <name>ungetc.c.obj</name>
      </input_file>
      <input_file id="fl-c9">
         <path>C:\ti\ccs1040\ccs\tools\compiler\ti-cgt-arm_20.2.5.LTS\lib\</path>
         <kind>archive</kind>
         <file>rtsv7M4_T_le_v4SPD16_eabi.lib</file>
         <name>s_frexp.c.obj</name>
      </input_file>
      <input_file id="fl-ca">
         <path>C:\ti\ccs1040\ccs\tools\compiler\ti-cgt-arm_20.2.5.LTS\lib\</path>
         <kind>archive</kind>
         <file>rtsv7M4_T_le_v4SPD16_eabi.lib</file>
         <name>s_scalbn.c.obj</name>
      </input_file>
      <input_file id="fl-cb">
         <path>C:\ti\ccs1040\ccs\tools\compiler\ti-cgt-arm_20.2.5.LTS\lib\</path>
         <kind>archive</kind>
         <file>rtsv7M4_T_le_v4SPD16_eabi.lib</file>
         <name>wcslen.c.obj</name>
      </input_file>
      <input_file id="fl-cc">
         <path>C:\ti\ccs1040\ccs\tools\compiler\ti-cgt-arm_20.2.5.LTS\lib\</path>
         <kind>archive</kind>
         <file>rtsv7M4_T_le_v4SPD16_eabi.lib</file>
         <name>fd_add_t2.asm.obj</name>
      </input_file>
      <input_file id="fl-cd">
         <path>C:\ti\ccs1040\ccs\tools\compiler\ti-cgt-arm_20.2.5.LTS\lib\</path>
         <kind>archive</kind>
         <file>rtsv7M4_T_le_v4SPD16_eabi.lib</file>
         <name>fd_cmp_t2.asm.obj</name>
      </input_file>
      <input_file id="fl-ce">
         <path>C:\ti\ccs1040\ccs\tools\compiler\ti-cgt-arm_20.2.5.LTS\lib\</path>
         <kind>archive</kind>
         <file>rtsv7M4_T_le_v4SPD16_eabi.lib</file>
         <name>fd_div_t2.asm.obj</name>
      </input_file>
      <input_file id="fl-cf">
         <path>C:\ti\ccs1040\ccs\tools\compiler\ti-cgt-arm_20.2.5.LTS\lib\</path>
         <kind>archive</kind>
         <file>rtsv7M4_T_le_v4SPD16_eabi.lib</file>
         <name>fd_mul_t2.asm.obj</name>
      </input_file>
      <input_file id="fl-d0">
         <path>C:\ti\ccs1040\ccs\tools\compiler\ti-cgt-arm_20.2.5.LTS\lib\</path>
         <kind>archive</kind>
         <file>rtsv7M4_T_le_v4SPD16_eabi.lib</file>
         <name>fd_toi_t2.asm.obj</name>
      </input_file>
      <input_file id="fl-d1">
         <path>C:\ti\ccs1040\ccs\tools\compiler\ti-cgt-arm_20.2.5.LTS\lib\</path>
         <kind>archive</kind>
         <file>rtsv7M4_T_le_v4SPD16_eabi.lib</file>
         <name>i_tofd_t2.asm.obj</name>
      </input_file>
      <input_file id="fl-d2">
         <path>C:\ti\ccs1040\ccs\tools\compiler\ti-cgt-arm_20.2.5.LTS\lib\</path>
         <kind>archive</kind>
         <file>rtsv7M4_T_le_v4SPD16_eabi.lib</file>
         <name>memcpy_t2.asm.obj</name>
      </input_file>
      <input_file id="fl-d3">
         <path>C:\ti\ccs1040\ccs\tools\compiler\ti-cgt-arm_20.2.5.LTS\lib\</path>
         <kind>archive</kind>
         <file>rtsv7M4_T_le_v4SPD16_eabi.lib</file>
         <name>ull_div_t2.asm.obj</name>
      </input_file>
      <input_file id="fl-d4">
         <path>C:\ti\ccs1040\ccs\tools\compiler\ti-cgt-arm_20.2.5.LTS\lib\</path>
         <kind>archive</kind>
         <file>rtsv7M4_T_le_v4SPD16_eabi.lib</file>
         <name>memset_t2.asm.obj</name>
      </input_file>
      <input_file id="fl-d5">
         <path>C:\ti\ccs1040\ccs\tools\compiler\ti-cgt-arm_20.2.5.LTS\lib\</path>
         <kind>archive</kind>
         <file>rtsv7M4_T_le_v4SPD16_eabi.lib</file>
         <name>copy_zero_init.c.obj</name>
      </input_file>
      <input_file id="fl-d6">
         <path>C:\ti\ccs1040\ccs\tools\compiler\ti-cgt-arm_20.2.5.LTS\lib\</path>
         <kind>archive</kind>
         <file>rtsv7M4_T_le_v4SPD16_eabi.lib</file>
         <name>copy_decompress_none.c.obj</name>
      </input_file>
      <input_file id="fl-d7">
         <path>C:\ti\ccs1040\ccs\tools\compiler\ti-cgt-arm_20.2.5.LTS\lib\</path>
         <kind>archive</kind>
         <file>rtsv7M4_T_le_v4SPD16_eabi.lib</file>
         <name>copy_decompress_lzss.c.obj</name>
      </input_file>
      <input_file id="fl-d8">
         <path>C:\ti\ccs1040\ccs\tools\compiler\ti-cgt-arm_20.2.5.LTS\lib\</path>
         <kind>archive</kind>
         <file>rtsv7M4_T_le_v4SPD16_eabi.lib</file>
         <name>exit.c.obj</name>
      </input_file>
      <input_file id="fl-d9">
         <path>C:\ti\ccs1040\ccs\tools\compiler\ti-cgt-arm_20.2.5.LTS\lib\</path>
         <kind>archive</kind>
         <file>rtsv7M4_T_le_v4SPD16_eabi.lib</file>
         <name>_lock.c.obj</name>
      </input_file>
      <input_file id="fl-da">
         <path>C:\ti\ccs1040\ccs\tools\compiler\ti-cgt-arm_20.2.5.LTS\lib\</path>
         <kind>archive</kind>
         <file>rtsv7M4_T_le_v4SPD16_eabi.lib</file>
         <name>_ltoa.c.obj</name>
      </input_file>
      <input_file id="fl-db">
         <path>C:\ti\ccs1040\ccs\tools\compiler\ti-cgt-arm_20.2.5.LTS\lib\</path>
         <kind>archive</kind>
         <file>rtsv7M4_T_le_v4SPD16_eabi.lib</file>
         <name>atoi.c.obj</name>
      </input_file>
      <input_file id="fl-dc">
         <path>C:\ti\ccs1040\ccs\tools\compiler\ti-cgt-arm_20.2.5.LTS\lib\</path>
         <kind>archive</kind>
         <file>rtsv7M4_T_le_v4SPD16_eabi.lib</file>
         <name>ctype.c.obj</name>
      </input_file>
      <input_file id="fl-dd">
         <path>C:\ti\ccs1040\ccs\tools\compiler\ti-cgt-arm_20.2.5.LTS\lib\</path>
         <kind>archive</kind>
         <file>rtsv7M4_T_le_v4SPD16_eabi.lib</file>
         <name>defs.c.obj</name>
      </input_file>
      <input_file id="fl-de">
         <path>C:\ti\ccs1040\ccs\tools\compiler\ti-cgt-arm_20.2.5.LTS\lib\</path>
         <kind>archive</kind>
         <file>rtsv7M4_T_le_v4SPD16_eabi.lib</file>
         <name>memccpy.c.obj</name>
      </input_file>
      <input_file id="fl-df">
         <path>C:\ti\ccs1040\ccs\tools\compiler\ti-cgt-arm_20.2.5.LTS\lib\</path>
         <kind>archive</kind>
         <file>rtsv7M4_T_le_v4SPD16_eabi.lib</file>
         <name>memchr.c.obj</name>
      </input_file>
      <input_file id="fl-e0">
         <path>C:\ti\ccs1040\ccs\tools\compiler\ti-cgt-arm_20.2.5.LTS\lib\</path>
         <kind>archive</kind>
         <file>rtsv7M4_T_le_v4SPD16_eabi.lib</file>
         <name>memory.c.obj</name>
      </input_file>
      <input_file id="fl-e1">
         <path>C:\ti\ccs1040\ccs\tools\compiler\ti-cgt-arm_20.2.5.LTS\lib\</path>
         <kind>archive</kind>
         <file>rtsv7M4_T_le_v4SPD16_eabi.lib</file>
         <name>strchr.c.obj</name>
      </input_file>
      <input_file id="fl-e2">
         <path>C:\ti\ccs1040\ccs\tools\compiler\ti-cgt-arm_20.2.5.LTS\lib\</path>
         <kind>archive</kind>
         <file>rtsv7M4_T_le_v4SPD16_eabi.lib</file>
         <name>strlen.c.obj</name>
      </input_file>
      <input_file id="fl-e3">
         <path>C:\ti\ccs1040\ccs\tools\compiler\ti-cgt-arm_20.2.5.LTS\lib\</path>
         <kind>archive</kind>
         <file>rtsv7M4_T_le_v4SPD16_eabi.lib</file>
         <name>errno.c.obj</name>
      </input_file>
      <input_file id="fl-e4">
         <path>C:\ti\ccs1040\ccs\tools\compiler\ti-cgt-arm_20.2.5.LTS\lib\</path>
         <kind>archive</kind>
         <file>rtsv7M4_T_le_v4SPD16_eabi.lib</file>
         <name>boot_cortex_m.c.obj</name>
      </input_file>
      <input_file id="fl-e5">
         <path>C:\ti\ccs1040\ccs\tools\compiler\ti-cgt-arm_20.2.5.LTS\lib\</path>
         <kind>archive</kind>
         <file>rtsv7M4_T_le_v4SPD16_eabi.lib</file>
         <name>write.c.obj</name>
      </input_file>
      <input_file id="fl-e6">
         <path>C:\ti\ccs1040\ccs\tools\compiler\ti-cgt-arm_20.2.5.LTS\lib\</path>
         <kind>archive</kind>
         <file>rtsv7M4_T_le_v4SPD16_eabi.lib</file>
         <name>host_device.c.obj</name>
      </input_file>
      <input_file id="fl-e7">
         <path>C:\ti\ccs1040\ccs\tools\compiler\ti-cgt-arm_20.2.5.LTS\lib\</path>
         <kind>archive</kind>
         <file>rtsv7M4_T_le_v4SPD16_eabi.lib</file>
         <name>read.c.obj</name>
      </input_file>
      <input_file id="fl-e8">
         <path>C:\ti\ccs1040\ccs\tools\compiler\ti-cgt-arm_20.2.5.LTS\lib\</path>
         <kind>archive</kind>
         <file>rtsv7M4_T_le_v4SPD16_eabi.lib</file>
         <name>_scanfi.c.obj</name>
      </input_file>
      <input_file id="fl-e9">
         <path>C:\ti\ccs1040\ccs\tools\compiler\ti-cgt-arm_20.2.5.LTS\lib\</path>
         <kind>archive</kind>
         <file>rtsv7M4_T_le_v4SPD16_eabi.lib</file>
         <name>fflush.c.obj</name>
      </input_file>
      <input_file id="fl-ea">
         <path>C:\ti\ccs1040\ccs\tools\compiler\ti-cgt-arm_20.2.5.LTS\lib\</path>
         <kind>archive</kind>
         <file>rtsv7M4_T_le_v4SPD16_eabi.lib</file>
         <name>fopen.c.obj</name>
      </input_file>
      <input_file id="fl-eb">
         <path>C:\ti\ccs1040\ccs\tools\compiler\ti-cgt-arm_20.2.5.LTS\lib\</path>
         <kind>archive</kind>
         <file>rtsv7M4_T_le_v4SPD16_eabi.lib</file>
         <name>fseek.c.obj</name>
      </input_file>
      <input_file id="fl-ec">
         <path>C:\ti\ccs1040\ccs\tools\compiler\ti-cgt-arm_20.2.5.LTS\lib\</path>
         <kind>archive</kind>
         <file>rtsv7M4_T_le_v4SPD16_eabi.lib</file>
         <name>s_copysign.c.obj</name>
      </input_file>
      <input_file id="fl-ed">
         <path>C:\ti\ccs1040\ccs\tools\compiler\ti-cgt-arm_20.2.5.LTS\lib\</path>
         <kind>archive</kind>
         <file>rtsv7M4_T_le_v4SPD16_eabi.lib</file>
         <name>div0.asm.obj</name>
      </input_file>
      <input_file id="fl-ee">
         <path>C:\ti\ccs1040\ccs\tools\compiler\ti-cgt-arm_20.2.5.LTS\lib\</path>
         <kind>archive</kind>
         <file>rtsv7M4_T_le_v4SPD16_eabi.lib</file>
         <name>fd_tos_t2.asm.obj</name>
      </input_file>
      <input_file id="fl-ef">
         <path>C:\ti\ccs1040\ccs\tools\compiler\ti-cgt-arm_20.2.5.LTS\lib\</path>
         <kind>archive</kind>
         <file>rtsv7M4_T_le_v4SPD16_eabi.lib</file>
         <name>autoinit.c.obj</name>
      </input_file>
      <input_file id="fl-f0">
         <path>C:\ti\ccs1040\ccs\tools\compiler\ti-cgt-arm_20.2.5.LTS\lib\</path>
         <kind>archive</kind>
         <file>rtsv7M4_T_le_v4SPD16_eabi.lib</file>
         <name>pre_init.c.obj</name>
      </input_file>
      <input_file id="fl-f1">
         <path>C:\ti\ccs1040\ccs\tools\compiler\ti-cgt-arm_20.2.5.LTS\lib\</path>
         <kind>archive</kind>
         <file>rtsv7M4_T_le_v4SPD16_eabi.lib</file>
         <name>cpy_tbl.c.obj</name>
      </input_file>
      <input_file id="fl-f2">
         <path>C:\ti\ccs1040\ccs\tools\compiler\ti-cgt-arm_20.2.5.LTS\lib\</path>
         <kind>archive</kind>
         <file>rtsv7M4_T_le_v4SPD16_eabi.lib</file>
         <name>args_main.c.obj</name>
      </input_file>
      <input_file id="fl-f3">
         <path>C:\ti\ccs1040\ccs\tools\compiler\ti-cgt-arm_20.2.5.LTS\lib\</path>
         <kind>archive</kind>
         <file>rtsv7M4_T_le_v4SPD16_eabi.lib</file>
         <name>strcpy.c.obj</name>
      </input_file>
      <input_file id="fl-f4">
         <path>C:\ti\ccs1040\ccs\tools\compiler\ti-cgt-arm_20.2.5.LTS\lib\</path>
         <kind>archive</kind>
         <file>rtsv7M4_T_le_v4SPD16_eabi.lib</file>
         <name>strrchr.c.obj</name>
      </input_file>
      <input_file id="fl-f5">
         <path>C:\ti\ccs1040\ccs\tools\compiler\ti-cgt-arm_20.2.5.LTS\lib\</path>
         <kind>archive</kind>
         <file>rtsv7M4_T_le_v4SPD16_eabi.lib</file>
         <name>strtod.c.obj</name>
      </input_file>
      <input_file id="fl-f6">
         <path>C:\ti\ccs1040\ccs\tools\compiler\ti-cgt-arm_20.2.5.LTS\lib\</path>
         <kind>archive</kind>
         <file>rtsv7M4_T_le_v4SPD16_eabi.lib</file>
         <name>strtol.c.obj</name>
      </input_file>
      <input_file id="fl-f7">
         <path>C:\ti\ccs1040\ccs\tools\compiler\ti-cgt-arm_20.2.5.LTS\lib\</path>
         <kind>archive</kind>
         <file>rtsv7M4_T_le_v4SPD16_eabi.lib</file>
         <name>strtoll.c.obj</name>
      </input_file>
      <input_file id="fl-f8">
         <path>C:\ti\ccs1040\ccs\tools\compiler\ti-cgt-arm_20.2.5.LTS\lib\</path>
         <kind>archive</kind>
         <file>rtsv7M4_T_le_v4SPD16_eabi.lib</file>
         <name>strtoul.c.obj</name>
      </input_file>
      <input_file id="fl-f9">
         <path>C:\ti\ccs1040\ccs\tools\compiler\ti-cgt-arm_20.2.5.LTS\lib\</path>
         <kind>archive</kind>
         <file>rtsv7M4_T_le_v4SPD16_eabi.lib</file>
         <name>strtoull.c.obj</name>
      </input_file>
      <input_file id="fl-fa">
         <path>C:\ti\ccs1040\ccs\tools\compiler\ti-cgt-arm_20.2.5.LTS\lib\</path>
         <kind>archive</kind>
         <file>rtsv7M4_T_le_v4SPD16_eabi.lib</file>
         <name>hostclose.c.obj</name>
      </input_file>
      <input_file id="fl-fb">
         <path>C:\ti\ccs1040\ccs\tools\compiler\ti-cgt-arm_20.2.5.LTS\lib\</path>
         <kind>archive</kind>
         <file>rtsv7M4_T_le_v4SPD16_eabi.lib</file>
         <name>hostlseek.c.obj</name>
      </input_file>
      <input_file id="fl-fc">
         <path>C:\ti\ccs1040\ccs\tools\compiler\ti-cgt-arm_20.2.5.LTS\lib\</path>
         <kind>archive</kind>
         <file>rtsv7M4_T_le_v4SPD16_eabi.lib</file>
         <name>hostopen.c.obj</name>
      </input_file>
      <input_file id="fl-fd">
         <path>C:\ti\ccs1040\ccs\tools\compiler\ti-cgt-arm_20.2.5.LTS\lib\</path>
         <kind>archive</kind>
         <file>rtsv7M4_T_le_v4SPD16_eabi.lib</file>
         <name>hostread.c.obj</name>
      </input_file>
      <input_file id="fl-fe">
         <path>C:\ti\ccs1040\ccs\tools\compiler\ti-cgt-arm_20.2.5.LTS\lib\</path>
         <kind>archive</kind>
         <file>rtsv7M4_T_le_v4SPD16_eabi.lib</file>
         <name>hostrename.c.obj</name>
      </input_file>
      <input_file id="fl-ff">
         <path>C:\ti\ccs1040\ccs\tools\compiler\ti-cgt-arm_20.2.5.LTS\lib\</path>
         <kind>archive</kind>
         <file>rtsv7M4_T_le_v4SPD16_eabi.lib</file>
         <name>hostunlink.c.obj</name>
      </input_file>
      <input_file id="fl-100">
         <path>C:\ti\ccs1040\ccs\tools\compiler\ti-cgt-arm_20.2.5.LTS\lib\</path>
         <kind>archive</kind>
         <file>rtsv7M4_T_le_v4SPD16_eabi.lib</file>
         <name>hostwrite.c.obj</name>
      </input_file>
      <input_file id="fl-101">
         <path>C:\ti\ccs1040\ccs\tools\compiler\ti-cgt-arm_20.2.5.LTS\lib\</path>
         <kind>archive</kind>
         <file>rtsv7M4_T_le_v4SPD16_eabi.lib</file>
         <name>trgmsg.c.obj</name>
      </input_file>
      <input_file id="fl-102">
         <path>C:\ti\ccs1040\ccs\tools\compiler\ti-cgt-arm_20.2.5.LTS\lib\</path>
         <kind>archive</kind>
         <file>rtsv7M4_T_le_v4SPD16_eabi.lib</file>
         <name>open.c.obj</name>
      </input_file>
      <input_file id="fl-103">
         <path>C:\ti\ccs1040\ccs\tools\compiler\ti-cgt-arm_20.2.5.LTS\lib\</path>
         <kind>archive</kind>
         <file>rtsv7M4_T_le_v4SPD16_eabi.lib</file>
         <name>lseek.c.obj</name>
      </input_file>
      <input_file id="fl-104">
         <path>C:\ti\ccs1040\ccs\tools\compiler\ti-cgt-arm_20.2.5.LTS\lib\</path>
         <kind>archive</kind>
         <file>rtsv7M4_T_le_v4SPD16_eabi.lib</file>
         <name>fclose.c.obj</name>
      </input_file>
      <input_file id="fl-105">
         <path>C:\ti\ccs1040\ccs\tools\compiler\ti-cgt-arm_20.2.5.LTS\lib\</path>
         <kind>archive</kind>
         <file>rtsv7M4_T_le_v4SPD16_eabi.lib</file>
         <name>getdevice.c.obj</name>
      </input_file>
      <input_file id="fl-106">
         <path>C:\ti\ccs1040\ccs\tools\compiler\ti-cgt-arm_20.2.5.LTS\lib\</path>
         <kind>archive</kind>
         <file>rtsv7M4_T_le_v4SPD16_eabi.lib</file>
         <name>ll_mul_t2.asm.obj</name>
      </input_file>
      <input_file id="fl-107">
         <path>C:\ti\ccs1040\ccs\tools\compiler\ti-cgt-arm_20.2.5.LTS\lib\</path>
         <kind>archive</kind>
         <file>rtsv7M4_T_le_v4SPD16_eabi.lib</file>
         <name>strcmp.c.obj</name>
      </input_file>
      <input_file id="fl-108">
         <path>C:\ti\ccs1040\ccs\tools\compiler\ti-cgt-arm_20.2.5.LTS\lib\</path>
         <kind>archive</kind>
         <file>rtsv7M4_T_le_v4SPD16_eabi.lib</file>
         <name>strncpy.c.obj</name>
      </input_file>
      <input_file id="fl-109">
         <path>C:\ti\ccs1040\ccs\tools\compiler\ti-cgt-arm_20.2.5.LTS\lib\</path>
         <kind>archive</kind>
         <file>rtsv7M4_T_le_v4SPD16_eabi.lib</file>
         <name>remove.c.obj</name>
      </input_file>
      <input_file id="fl-10a">
         <path>C:\ti\ccs1040\ccs\tools\compiler\ti-cgt-arm_20.2.5.LTS\lib\</path>
         <kind>archive</kind>
         <file>rtsv7M4_T_le_v4SPD16_eabi.lib</file>
         <name>close.c.obj</name>
      </input_file>
      <input_file id="fl-10b">
         <path>C:\ti\ccs1040\ccs\tools\compiler\ti-cgt-arm_20.2.5.LTS\lib\</path>
         <kind>archive</kind>
         <file>rtsv7M4_T_le_v4SPD16_eabi.lib</file>
         <name>unlink.c.obj</name>
      </input_file>
   </input_file_list>
   <object_component_list>
      <object_component id="oc-13">
         <name>.intvecs</name>
         <load_address>0x0</load_address>
         <run_address>0x0</run_address>
         <size>0x144</size>
         <input_file_ref idref="fl-5"/>
      </object_component>
      <object_component id="oc-14c">
         <name>.text:__TI_scanfi</name>
         <load_address>0x144</load_address>
         <run_address>0x144</run_address>
         <size>0xb14</size>
         <input_file_ref idref="fl-e8"/>
      </object_component>
      <object_component id="oc-12d">
         <name>.text:__TI_printfi</name>
         <load_address>0xc58</load_address>
         <run_address>0xc58</run_address>
         <size>0xa4e</size>
         <input_file_ref idref="fl-c0"/>
      </object_component>
      <object_component id="oc-1d7">
         <name>.text:_nop</name>
         <load_address>0x16a6</load_address>
         <run_address>0x16a6</run_address>
         <size>0x2</size>
         <input_file_ref idref="fl-d9"/>
      </object_component>
      <object_component id="oc-c7">
         <name>.text</name>
         <load_address>0x16a8</load_address>
         <run_address>0x16a8</run_address>
         <size>0x4bc</size>
         <input_file_ref idref="fl-2"/>
      </object_component>
      <object_component id="oc-20c">
         <name>.text:strtod</name>
         <load_address>0x1b64</load_address>
         <run_address>0x1b64</run_address>
         <size>0x460</size>
         <input_file_ref idref="fl-f5"/>
      </object_component>
      <object_component id="oc-1b3">
         <name>.text:_pconv_a</name>
         <load_address>0x1fc4</load_address>
         <run_address>0x1fc4</run_address>
         <size>0x270</size>
         <input_file_ref idref="fl-c0"/>
      </object_component>
      <object_component id="oc-21d">
         <name>.text:strtoll</name>
         <load_address>0x2234</load_address>
         <run_address>0x2234</run_address>
         <size>0x1dc</size>
         <input_file_ref idref="fl-f7"/>
      </object_component>
      <object_component id="oc-1a1">
         <name>.text:_pconv_g</name>
         <load_address>0x2410</load_address>
         <run_address>0x2410</run_address>
         <size>0x1d0</size>
         <input_file_ref idref="fl-c0"/>
      </object_component>
      <object_component id="oc-28f">
         <name>.text</name>
         <load_address>0x25e0</load_address>
         <run_address>0x25e0</run_address>
         <size>0x1b6</size>
         <input_file_ref idref="fl-cc"/>
      </object_component>
      <object_component id="oc-358">
         <name>.text</name>
         <load_address>0x2796</load_address>
         <run_address>0x2796</run_address>
         <size>0x2</size>
         <input_file_ref idref="fl-ed"/>
      </object_component>
      <object_component id="oc-99">
         <name>.text</name>
         <load_address>0x2798</load_address>
         <run_address>0x2798</run_address>
         <size>0x170</size>
         <input_file_ref idref="fl-4"/>
      </object_component>
      <object_component id="oc-200">
         <name>.text:strtoull</name>
         <load_address>0x2908</load_address>
         <run_address>0x2908</run_address>
         <size>0x15c</size>
         <input_file_ref idref="fl-f9"/>
      </object_component>
      <object_component id="oc-1ad">
         <name>.text:_pconv_e</name>
         <load_address>0x2a64</load_address>
         <run_address>0x2a64</run_address>
         <size>0x13c</size>
         <input_file_ref idref="fl-c0"/>
      </object_component>
      <object_component id="oc-275">
         <name>.text</name>
         <load_address>0x2ba0</load_address>
         <run_address>0x2ba0</run_address>
         <size>0x136</size>
         <input_file_ref idref="fl-ce"/>
      </object_component>
      <object_component id="oc-217">
         <name>.text:strtol</name>
         <load_address>0x2cd8</load_address>
         <run_address>0x2cd8</run_address>
         <size>0x130</size>
         <input_file_ref idref="fl-f6"/>
      </object_component>
      <object_component id="oc-2a1">
         <name>.text:fcvt</name>
         <load_address>0x2e08</load_address>
         <run_address>0x2e08</run_address>
         <size>0x124</size>
         <input_file_ref idref="fl-c0"/>
      </object_component>
      <object_component id="oc-1e5">
         <name>.text:fputs</name>
         <load_address>0x2f2c</load_address>
         <run_address>0x2f2c</run_address>
         <size>0x114</size>
         <input_file_ref idref="fl-c4"/>
      </object_component>
      <object_component id="oc-2b5">
         <name>.text:scalbn</name>
         <load_address>0x3040</load_address>
         <run_address>0x3040</run_address>
         <size>0x110</size>
         <input_file_ref idref="fl-ca"/>
      </object_component>
      <object_component id="oc-206">
         <name>.text:strtoul</name>
         <load_address>0x3150</load_address>
         <run_address>0x3150</run_address>
         <size>0x110</size>
         <input_file_ref idref="fl-f8"/>
      </object_component>
      <object_component id="oc-41a">
         <name>.text:aligned_alloc</name>
         <load_address>0x3260</load_address>
         <run_address>0x3260</run_address>
         <size>0x100</size>
         <input_file_ref idref="fl-e0"/>
      </object_component>
      <object_component id="oc-270">
         <name>.text</name>
         <load_address>0x3360</load_address>
         <run_address>0x3360</run_address>
         <size>0xfc</size>
         <input_file_ref idref="fl-cf"/>
      </object_component>
      <object_component id="oc-3bf">
         <name>.text:free</name>
         <load_address>0x345c</load_address>
         <run_address>0x345c</run_address>
         <size>0xe4</size>
         <input_file_ref idref="fl-e0"/>
      </object_component>
      <object_component id="oc-32f">
         <name>.text:setvbuf</name>
         <load_address>0x3540</load_address>
         <run_address>0x3540</run_address>
         <size>0xdc</size>
         <input_file_ref idref="fl-c7"/>
      </object_component>
      <object_component id="oc-196">
         <name>.text:_ltostr</name>
         <load_address>0x361c</load_address>
         <run_address>0x361c</run_address>
         <size>0xb1</size>
         <input_file_ref idref="fl-c0"/>
      </object_component>
      <object_component id="oc-321">
         <name>.text:__TI_buff_read</name>
         <load_address>0x36d0</load_address>
         <run_address>0x36d0</run_address>
         <size>0x9c</size>
         <input_file_ref idref="fl-c5"/>
      </object_component>
      <object_component id="oc-3f">
         <name>.text</name>
         <load_address>0x376c</load_address>
         <run_address>0x376c</run_address>
         <size>0x9c</size>
         <input_file_ref idref="fl-d2"/>
      </object_component>
      <object_component id="oc-2b">
         <name>.text</name>
         <load_address>0x3808</load_address>
         <run_address>0x3808</run_address>
         <size>0x9a</size>
         <input_file_ref idref="fl-5"/>
      </object_component>
      <object_component id="oc-269">
         <name>.text</name>
         <load_address>0x38a2</load_address>
         <run_address>0x38a2</run_address>
         <size>0x96</size>
         <input_file_ref idref="fl-d3"/>
      </object_component>
      <object_component id="oc-1ec">
         <name>.text:fputc</name>
         <load_address>0x3938</load_address>
         <run_address>0x3938</run_address>
         <size>0x8c</size>
         <input_file_ref idref="fl-c3"/>
      </object_component>
      <object_component id="oc-15e">
         <name>.text:_chkmbc</name>
         <load_address>0x39c4</load_address>
         <run_address>0x39c4</run_address>
         <size>0x88</size>
         <input_file_ref idref="fl-c1"/>
      </object_component>
      <object_component id="oc-19c">
         <name>.text:__aeabi_cdcmple</name>
         <load_address>0x3a4c</load_address>
         <run_address>0x3a4c</run_address>
         <size>0x86</size>
         <input_file_ref idref="fl-cd"/>
      </object_component>
      <object_component id="oc-27a">
         <name>.text:__aeabi_cdrcmple</name>
         <load_address>0x3ad2</load_address>
         <run_address>0x3ad2</run_address>
         <size>0x86</size>
         <input_file_ref idref="fl-cd"/>
      </object_component>
      <object_component id="oc-23b">
         <name>.text:fgetc</name>
         <load_address>0x3b58</load_address>
         <run_address>0x3b58</run_address>
         <size>0x84</size>
         <input_file_ref idref="fl-c2"/>
      </object_component>
      <object_component id="oc-242">
         <name>.text:ungetc</name>
         <load_address>0x3bdc</load_address>
         <run_address>0x3bdc</run_address>
         <size>0x80</size>
         <input_file_ref idref="fl-c8"/>
      </object_component>
      <object_component id="oc-8d">
         <name>.text</name>
         <load_address>0x3c5c</load_address>
         <run_address>0x3c5c</run_address>
         <size>0x7a</size>
         <input_file_ref idref="fl-d4"/>
      </object_component>
      <object_component id="oc-cd">
         <name>.text</name>
         <load_address>0x3cd8</load_address>
         <run_address>0x3cd8</run_address>
         <size>0x78</size>
         <input_file_ref idref="fl-3"/>
      </object_component>
      <object_component id="oc-421">
         <name>.text:__TI_closefile</name>
         <load_address>0x3d50</load_address>
         <run_address>0x3d50</run_address>
         <size>0x74</size>
         <input_file_ref idref="fl-104"/>
      </object_component>
      <object_component id="oc-461">
         <name>.text:split</name>
         <load_address>0x3dc4</load_address>
         <run_address>0x3dc4</run_address>
         <size>0x70</size>
         <input_file_ref idref="fl-e0"/>
      </object_component>
      <object_component id="oc-29a">
         <name>.text:_mcpy</name>
         <load_address>0x3e34</load_address>
         <run_address>0x3e34</run_address>
         <size>0x6e</size>
         <input_file_ref idref="fl-c0"/>
      </object_component>
      <object_component id="oc-212">
         <name>.text</name>
         <load_address>0x3ea2</load_address>
         <run_address>0x3ea2</run_address>
         <size>0x6e</size>
         <input_file_ref idref="fl-ee"/>
      </object_component>
      <object_component id="oc-452">
         <name>.text:HOSTrename</name>
         <load_address>0x3f10</load_address>
         <run_address>0x3f10</run_address>
         <size>0x6c</size>
         <input_file_ref idref="fl-fe"/>
      </object_component>
      <object_component id="oc-446">
         <name>.text:HOSTlseek</name>
         <load_address>0x3f7c</load_address>
         <run_address>0x3f7c</run_address>
         <size>0x68</size>
         <input_file_ref idref="fl-fb"/>
      </object_component>
      <object_component id="oc-16">
         <name>.text:decompress:lzss:__TI_decompress_lzss</name>
         <load_address>0x3fe4</load_address>
         <run_address>0x3fe4</run_address>
         <size>0x68</size>
         <input_file_ref idref="fl-d7"/>
      </object_component>
      <object_component id="oc-d3">
         <name>.text:printf</name>
         <load_address>0x404c</load_address>
         <run_address>0x404c</run_address>
         <size>0x68</size>
         <input_file_ref idref="fl-bf"/>
      </object_component>
      <object_component id="oc-d9">
         <name>.text:scanf</name>
         <load_address>0x40b4</load_address>
         <run_address>0x40b4</run_address>
         <size>0x68</size>
         <input_file_ref idref="fl-c1"/>
      </object_component>
      <object_component id="oc-2af">
         <name>.text:frexp</name>
         <load_address>0x411c</load_address>
         <run_address>0x411c</run_address>
         <size>0x64</size>
         <input_file_ref idref="fl-c9"/>
      </object_component>
      <object_component id="oc-38b">
         <name>.text:fseek</name>
         <load_address>0x4180</load_address>
         <run_address>0x4180</run_address>
         <size>0x64</size>
         <input_file_ref idref="fl-eb"/>
      </object_component>
      <object_component id="oc-2e0">
         <name>.text:__TI_wrt_ok</name>
         <load_address>0x41e4</load_address>
         <run_address>0x41e4</run_address>
         <size>0x62</size>
         <input_file_ref idref="fl-c6"/>
      </object_component>
      <object_component id="oc-42e">
         <name>.text:HOSTopen</name>
         <load_address>0x4248</load_address>
         <run_address>0x4248</run_address>
         <size>0x60</size>
         <input_file_ref idref="fl-fc"/>
      </object_component>
      <object_component id="oc-468">
         <name>.text:close</name>
         <load_address>0x42a8</load_address>
         <run_address>0x42a8</run_address>
         <size>0x5c</size>
         <input_file_ref idref="fl-10a"/>
      </object_component>
      <object_component id="oc-43a">
         <name>.text:HOSTread</name>
         <load_address>0x4304</load_address>
         <run_address>0x4304</run_address>
         <size>0x58</size>
         <input_file_ref idref="fl-fd"/>
      </object_component>
      <object_component id="oc-440">
         <name>.text:HOSTwrite</name>
         <load_address>0x435c</load_address>
         <run_address>0x435c</run_address>
         <size>0x58</size>
         <input_file_ref idref="fl-100"/>
      </object_component>
      <object_component id="oc-1a7">
         <name>.text:_pconv_f</name>
         <load_address>0x43b4</load_address>
         <run_address>0x43b4</run_address>
         <size>0x56</size>
         <input_file_ref idref="fl-c0"/>
      </object_component>
      <object_component id="oc-284">
         <name>.text:__TI_ltoa</name>
         <load_address>0x440a</load_address>
         <run_address>0x440a</run_address>
         <size>0x54</size>
         <input_file_ref idref="fl-da"/>
      </object_component>
      <object_component id="oc-294">
         <name>.text:_ecpy</name>
         <load_address>0x445e</load_address>
         <run_address>0x445e</run_address>
         <size>0x52</size>
         <input_file_ref idref="fl-c0"/>
      </object_component>
      <object_component id="oc-2ec">
         <name>.text:__TI_doflush</name>
         <load_address>0x44b0</load_address>
         <run_address>0x44b0</run_address>
         <size>0x4c</size>
         <input_file_ref idref="fl-e9"/>
      </object_component>
      <object_component id="oc-190">
         <name>.text:atoi</name>
         <load_address>0x44fc</load_address>
         <run_address>0x44fc</run_address>
         <size>0x4c</size>
         <input_file_ref idref="fl-db"/>
      </object_component>
      <object_component id="oc-31b">
         <name>.text:__TI_rd_ok</name>
         <load_address>0x4548</load_address>
         <run_address>0x4548</run_address>
         <size>0x4a</size>
         <input_file_ref idref="fl-c6"/>
      </object_component>
      <object_component id="oc-e9">
         <name>.text:exit</name>
         <load_address>0x4594</load_address>
         <run_address>0x4594</run_address>
         <size>0x48</size>
         <input_file_ref idref="fl-d8"/>
      </object_component>
      <object_component id="oc-27f">
         <name>.text</name>
         <load_address>0x45dc</load_address>
         <run_address>0x45dc</run_address>
         <size>0x48</size>
         <input_file_ref idref="fl-d0"/>
      </object_component>
      <object_component id="oc-434">
         <name>.text:HOSTclose</name>
         <load_address>0x4624</load_address>
         <run_address>0x4624</run_address>
         <size>0x44</size>
         <input_file_ref idref="fl-fa"/>
      </object_component>
      <object_component id="oc-44c">
         <name>.text:HOSTunlink</name>
         <load_address>0x4668</load_address>
         <run_address>0x4668</run_address>
         <size>0x44</size>
         <input_file_ref idref="fl-ff"/>
      </object_component>
      <object_component id="oc-ef">
         <name>.text:__TI_auto_init_nobinit_nopinit:__TI_auto_init_nobinit_nopinit</name>
         <load_address>0x46ac</load_address>
         <run_address>0x46ac</run_address>
         <size>0x44</size>
         <input_file_ref idref="fl-ef"/>
      </object_component>
      <object_component id="oc-49a">
         <name>.text:getdevice</name>
         <load_address>0x46f0</load_address>
         <run_address>0x46f0</run_address>
         <size>0x44</size>
         <input_file_ref idref="fl-105"/>
      </object_component>
      <object_component id="oc-2a7">
         <name>.text:_fcpy</name>
         <load_address>0x4734</load_address>
         <run_address>0x4734</run_address>
         <size>0x3e</size>
         <input_file_ref idref="fl-c0"/>
      </object_component>
      <object_component id="oc-479">
         <name>.text:__TI_writemsg</name>
         <load_address>0x4774</load_address>
         <run_address>0x4774</run_address>
         <size>0x38</size>
         <input_file_ref idref="fl-101"/>
      </object_component>
      <object_component id="oc-4ba">
         <name>.text:strncpy</name>
         <load_address>0x47ac</load_address>
         <run_address>0x47ac</run_address>
         <size>0x36</size>
         <input_file_ref idref="fl-108"/>
      </object_component>
      <object_component id="oc-3cb">
         <name>.text:__TI_cleanup</name>
         <load_address>0x47e4</load_address>
         <run_address>0x47e4</run_address>
         <size>0x34</size>
         <input_file_ref idref="fl-ea"/>
      </object_component>
      <object_component id="oc-47f">
         <name>.text:__TI_readmsg</name>
         <load_address>0x4818</load_address>
         <run_address>0x4818</run_address>
         <size>0x34</size>
         <input_file_ref idref="fl-101"/>
      </object_component>
      <object_component id="oc-5d">
         <name>.text:_c_int00_noargs:_c_int00_noargs</name>
         <load_address>0x484c</load_address>
         <run_address>0x484c</run_address>
         <size>0x34</size>
         <input_file_ref idref="fl-e4"/>
      </object_component>
      <object_component id="oc-4c0">
         <name>.text:finddevice</name>
         <load_address>0x4880</load_address>
         <run_address>0x4880</run_address>
         <size>0x30</size>
         <input_file_ref idref="fl-105"/>
      </object_component>
      <object_component id="oc-28a">
         <name>.text</name>
         <load_address>0x48b0</load_address>
         <run_address>0x48b0</run_address>
         <size>0x2e</size>
         <input_file_ref idref="fl-d1"/>
      </object_component>
      <object_component id="oc-46e">
         <name>.text:unlink</name>
         <load_address>0x48e0</load_address>
         <run_address>0x48e0</run_address>
         <size>0x2c</size>
         <input_file_ref idref="fl-10b"/>
      </object_component>
      <object_component id="oc-413">
         <name>.text:free_list_insert</name>
         <load_address>0x490c</load_address>
         <run_address>0x490c</run_address>
         <size>0x28</size>
         <input_file_ref idref="fl-e0"/>
      </object_component>
      <object_component id="oc-3e7">
         <name>.text:lseek</name>
         <load_address>0x4934</load_address>
         <run_address>0x4934</run_address>
         <size>0x28</size>
         <input_file_ref idref="fl-103"/>
      </object_component>
      <object_component id="oc-327">
         <name>.text:read</name>
         <load_address>0x495c</load_address>
         <run_address>0x495c</run_address>
         <size>0x28</size>
         <input_file_ref idref="fl-e7"/>
      </object_component>
      <object_component id="oc-2f2">
         <name>.text:write</name>
         <load_address>0x4984</load_address>
         <run_address>0x4984</run_address>
         <size>0x28</size>
         <input_file_ref idref="fl-e5"/>
      </object_component>
      <object_component id="oc-2e6">
         <name>.text:memchr</name>
         <load_address>0x49ac</load_address>
         <run_address>0x49ac</run_address>
         <size>0x20</size>
         <input_file_ref idref="fl-df"/>
      </object_component>
      <object_component id="oc-4b">
         <name>.text:decompress:ZI:__TI_zero_init_nomemset:__TI_zero_init_nomemset</name>
         <load_address>0x49cc</load_address>
         <run_address>0x49cc</run_address>
         <size>0x1c</size>
         <input_file_ref idref="fl-d5"/>
      </object_component>
      <object_component id="oc-40d">
         <name>.text:free_list_remove</name>
         <load_address>0x49e8</load_address>
         <run_address>0x49e8</run_address>
         <size>0x1c</size>
         <input_file_ref idref="fl-e0"/>
      </object_component>
      <object_component id="oc-1b9">
         <name>.text:memccpy</name>
         <load_address>0x4a04</load_address>
         <run_address>0x4a04</run_address>
         <size>0x1c</size>
         <input_file_ref idref="fl-de"/>
      </object_component>
      <object_component id="oc-371">
         <name>.text:copysign</name>
         <load_address>0x4a20</load_address>
         <run_address>0x4a20</run_address>
         <size>0x1a</size>
         <input_file_ref idref="fl-ec"/>
      </object_component>
      <object_component id="oc-2fe">
         <name>.text</name>
         <load_address>0x4a3a</load_address>
         <run_address>0x4a3a</run_address>
         <size>0x18</size>
         <input_file_ref idref="fl-106"/>
      </object_component>
      <object_component id="oc-4d5">
         <name>.text:strcmp</name>
         <load_address>0x4a52</load_address>
         <run_address>0x4a52</run_address>
         <size>0x18</size>
         <input_file_ref idref="fl-107"/>
      </object_component>
      <object_component id="oc-226">
         <name>.text:strrchr</name>
         <load_address>0x4a6a</load_address>
         <run_address>0x4a6a</run_address>
         <size>0x18</size>
         <input_file_ref idref="fl-f4"/>
      </object_component>
      <object_component id="oc-22c">
         <name>.text:strchr</name>
         <load_address>0x4a82</load_address>
         <run_address>0x4a82</run_address>
         <size>0x16</size>
         <input_file_ref idref="fl-e1"/>
      </object_component>
      <object_component id="oc-1fa">
         <name>.text:strcpy</name>
         <load_address>0x4a98</load_address>
         <run_address>0x4a98</run_address>
         <size>0x14</size>
         <input_file_ref idref="fl-f3"/>
      </object_component>
      <object_component id="oc-18a">
         <name>.text:strlen</name>
         <load_address>0x4aac</load_address>
         <run_address>0x4aac</run_address>
         <size>0x14</size>
         <input_file_ref idref="fl-e2"/>
      </object_component>
      <object_component id="oc-1bf">
         <name>.text:wcslen</name>
         <load_address>0x4ac0</load_address>
         <run_address>0x4ac0</run_address>
         <size>0x12</size>
         <input_file_ref idref="fl-cb"/>
      </object_component>
      <object_component id="oc-1c">
         <name>.text:decompress:none:__TI_decompress_none</name>
         <load_address>0x4ad2</load_address>
         <run_address>0x4ad2</run_address>
         <size>0xe</size>
         <input_file_ref idref="fl-d6"/>
      </object_component>
      <object_component id="oc-158">
         <name>.text:_uninpchar</name>
         <load_address>0x4ae0</load_address>
         <run_address>0x4ae0</run_address>
         <size>0xa</size>
         <input_file_ref idref="fl-c1"/>
      </object_component>
      <object_component id="oc-1c5">
         <name>.text:__aeabi_errno_addr</name>
         <load_address>0x4aec</load_address>
         <run_address>0x4aec</run_address>
         <size>0x8</size>
         <input_file_ref idref="fl-e3"/>
      </object_component>
      <object_component id="oc-3c5">
         <name>.text:malloc</name>
         <load_address>0x4af4</load_address>
         <run_address>0x4af4</run_address>
         <size>0x8</size>
         <input_file_ref idref="fl-e0"/>
      </object_component>
      <object_component id="oc-152">
         <name>.text:_inpchar</name>
         <load_address>0x4afc</load_address>
         <run_address>0x4afc</run_address>
         <size>0x6</size>
         <input_file_ref idref="fl-c1"/>
      </object_component>
      <object_component id="oc-13f">
         <name>.text:_outc</name>
         <load_address>0x4b02</load_address>
         <run_address>0x4b02</run_address>
         <size>0x4</size>
         <input_file_ref idref="fl-bf"/>
      </object_component>
      <object_component id="oc-139">
         <name>.text:_outs</name>
         <load_address>0x4b06</load_address>
         <run_address>0x4b06</run_address>
         <size>0x4</size>
         <input_file_ref idref="fl-bf"/>
      </object_component>
      <object_component id="oc-93">
         <name>.text:_system_pre_init</name>
         <load_address>0x4b0a</load_address>
         <run_address>0x4b0a</run_address>
         <size>0x4</size>
         <input_file_ref idref="fl-f0"/>
      </object_component>
      <object_component id="oc-e3">
         <name>.text:abort:abort</name>
         <load_address>0x4b0e</load_address>
         <run_address>0x4b0e</run_address>
         <size>0x4</size>
         <input_file_ref idref="fl-d8"/>
      </object_component>
      <object_component id="oc-223">
         <name>.const:.string:_ctypes_</name>
         <load_address>0x4b18</load_address>
         <run_address>0x4b18</run_address>
         <size>0x101</size>
         <input_file_ref idref="fl-dc"/>
      </object_component>
      <object_component id="oc-307">
         <name>.const:$O1$$</name>
         <load_address>0x4c20</load_address>
         <run_address>0x4c20</run_address>
         <size>0xc8</size>
         <input_file_ref idref="fl-f5"/>
      </object_component>
      <object_component id="oc-232">
         <name>.const:$O1$$</name>
         <load_address>0x4ce8</load_address>
         <run_address>0x4ce8</run_address>
         <size>0x10</size>
         <input_file_ref idref="fl-e8"/>
      </object_component>
      <object_component id="oc-50f">
         <name>.cinit..data.load</name>
         <load_address>0x4cf8</load_address>
         <run_address>0x4cf8</run_address>
         <size>0x68</size>
      </object_component>
      <object_component id="oc-50d">
         <name>__TI_handler_table</name>
         <load_address>0x4d60</load_address>
         <run_address>0x4d60</run_address>
         <size>0xc</size>
      </object_component>
      <object_component id="oc-510">
         <name>.cinit..bss.load</name>
         <load_address>0x4d70</load_address>
         <run_address>0x4d70</run_address>
         <size>0x8</size>
      </object_component>
      <object_component id="oc-50e">
         <name>__TI_cinit_table</name>
         <load_address>0x4d78</load_address>
         <run_address>0x4d78</run_address>
         <size>0x10</size>
      </object_component>
      <object_component id="oc-df">
         <name>.data</name>
         <load_address>0x200005e8</load_address>
         <run_address>0x200005e8</run_address>
         <size>0x1</size>
         <input_file_ref idref="fl-4"/>
      </object_component>
      <object_component id="oc-169">
         <name>.data:$O1$$</name>
         <load_address>0x200005c8</load_address>
         <run_address>0x200005c8</run_address>
         <size>0xc</size>
         <input_file_ref idref="fl-d8"/>
      </object_component>
      <object_component id="oc-133">
         <name>.data:$O1$$</name>
         <load_address>0x200005d4</load_address>
         <run_address>0x200005d4</run_address>
         <size>0x8</size>
         <input_file_ref idref="fl-d9"/>
      </object_component>
      <object_component id="oc-136">
         <name>.data:_ftable</name>
         <load_address>0x20000400</load_address>
         <run_address>0x20000400</run_address>
         <size>0xf0</size>
         <input_file_ref idref="fl-dd"/>
      </object_component>
      <object_component id="oc-3b6">
         <name>.data</name>
         <load_address>0x200005b8</load_address>
         <run_address>0x200005b8</run_address>
         <size>0x10</size>
         <input_file_ref idref="fl-dd"/>
      </object_component>
      <object_component id="oc-45c">
         <name>.data:$O1$$</name>
         <load_address>0x200005dc</load_address>
         <run_address>0x200005dc</run_address>
         <size>0x8</size>
         <input_file_ref idref="fl-e0"/>
      </object_component>
      <object_component id="oc-2c5">
         <name>.data</name>
         <load_address>0x200005e4</load_address>
         <run_address>0x200005e4</run_address>
         <size>0x4</size>
         <input_file_ref idref="fl-e3"/>
      </object_component>
      <object_component id="oc-3f5">
         <name>.data:_device</name>
         <load_address>0x200004f0</load_address>
         <run_address>0x200004f0</run_address>
         <size>0x78</size>
         <input_file_ref idref="fl-e6"/>
      </object_component>
      <object_component id="oc-397">
         <name>.data:_stream</name>
         <load_address>0x20000568</load_address>
         <run_address>0x20000568</run_address>
         <size>0x50</size>
         <input_file_ref idref="fl-e6"/>
      </object_component>
      <object_component id="oc-4a4">
         <name>.bss:_CIOBUF_</name>
         <uninitialized>true</uninitialized>
         <run_address>0x200005ec</run_address>
         <size>0x120</size>
         <input_file_ref idref="fl-101"/>
      </object_component>
      <object_component id="oc-474">
         <name>.common:__TI_tmpnams</name>
         <uninitialized>true</uninitialized>
         <run_address>0x2000070c</run_address>
         <size>0xa0</size>
      </object_component>
      <object_component id="oc-485">
         <name>.common:parmbuf</name>
         <uninitialized>true</uninitialized>
         <run_address>0x200007ac</run_address>
         <size>0x8</size>
      </object_component>
      <object_component id="oc-25">
         <name>.sysmem</name>
         <uninitialized>true</uninitialized>
         <run_address>0x20000000</run_address>
         <size>0x10</size>
         <input_file_ref idref="fl-e0"/>
      </object_component>
      <object_component id="oc-513">
         <name>.sysmem</name>
         <uninitialized>true</uninitialized>
         <run_address>0x20000000</run_address>
         <size>0x0</size>
      </object_component>
      <object_component id="oc-28">
         <name>.stack</name>
         <uninitialized>true</uninitialized>
         <run_address>0x2000fe00</run_address>
         <size>0x4</size>
         <input_file_ref idref="fl-e4"/>
      </object_component>
      <object_component id="oc-512">
         <name>.stack</name>
         <uninitialized>true</uninitialized>
         <run_address>0x2000fe00</run_address>
         <size>0x0</size>
      </object_component>
      <object_component id="oc-263">
         <name>.debug_info</name>
         <load_address>0x0</load_address>
         <run_address>0x0</run_address>
         <size>0x5dd</size>
         <input_file_ref idref="fl-2"/>
      </object_component>
      <object_component id="oc-c8">
         <name>.debug_info</name>
         <load_address>0x5dd</load_address>
         <run_address>0x5dd</run_address>
         <size>0x8ab</size>
         <input_file_ref idref="fl-2"/>
      </object_component>
      <object_component id="oc-34f">
         <name>.debug_info</name>
         <load_address>0xe88</load_address>
         <run_address>0xe88</run_address>
         <size>0x26b</size>
         <input_file_ref idref="fl-2"/>
      </object_component>
      <object_component id="oc-34a">
         <name>.debug_info</name>
         <load_address>0x10f3</load_address>
         <run_address>0x10f3</run_address>
         <size>0x1055</size>
         <input_file_ref idref="fl-2"/>
      </object_component>
      <object_component id="oc-345">
         <name>.debug_info</name>
         <load_address>0x2148</load_address>
         <run_address>0x2148</run_address>
         <size>0x37e2</size>
         <input_file_ref idref="fl-2"/>
      </object_component>
      <object_component id="oc-3a">
         <name>.debug_info</name>
         <load_address>0x592a</load_address>
         <run_address>0x592a</run_address>
         <size>0x84</size>
         <input_file_ref idref="fl-2"/>
      </object_component>
      <object_component id="oc-185">
         <name>.debug_info</name>
         <load_address>0x59ae</load_address>
         <run_address>0x59ae</run_address>
         <size>0x2a4</size>
         <input_file_ref idref="fl-2"/>
      </object_component>
      <object_component id="oc-122">
         <name>.debug_info</name>
         <load_address>0x5c52</load_address>
         <run_address>0x5c52</run_address>
         <size>0xbb</size>
         <input_file_ref idref="fl-2"/>
      </object_component>
      <object_component id="oc-cf">
         <name>.debug_info</name>
         <load_address>0x5d0d</load_address>
         <run_address>0x5d0d</run_address>
         <size>0x225</size>
         <input_file_ref idref="fl-3"/>
      </object_component>
      <object_component id="oc-128">
         <name>.debug_info</name>
         <load_address>0x5f32</load_address>
         <run_address>0x5f32</run_address>
         <size>0x18b</size>
         <input_file_ref idref="fl-3"/>
      </object_component>
      <object_component id="oc-e0">
         <name>.debug_info</name>
         <load_address>0x60bd</load_address>
         <run_address>0x60bd</run_address>
         <size>0xd7</size>
         <input_file_ref idref="fl-4"/>
      </object_component>
      <object_component id="oc-9a">
         <name>.debug_info</name>
         <load_address>0x6194</load_address>
         <run_address>0x6194</run_address>
         <size>0x444</size>
         <input_file_ref idref="fl-4"/>
      </object_component>
      <object_component id="oc-147">
         <name>.debug_info</name>
         <load_address>0x65d8</load_address>
         <run_address>0x65d8</run_address>
         <size>0x2c</size>
         <input_file_ref idref="fl-4"/>
      </object_component>
      <object_component id="oc-33">
         <name>.debug_info</name>
         <load_address>0x6604</load_address>
         <run_address>0x6604</run_address>
         <size>0x104</size>
         <input_file_ref idref="fl-5"/>
      </object_component>
      <object_component id="oc-14">
         <name>.debug_info</name>
         <load_address>0x6708</load_address>
         <run_address>0x6708</run_address>
         <size>0xf1</size>
         <input_file_ref idref="fl-5"/>
      </object_component>
      <object_component id="oc-2d">
         <name>.debug_info</name>
         <load_address>0x67f9</load_address>
         <run_address>0x67f9</run_address>
         <size>0x169d</size>
         <input_file_ref idref="fl-5"/>
      </object_component>
      <object_component id="oc-146">
         <name>.debug_info</name>
         <load_address>0x7e96</load_address>
         <run_address>0x7e96</run_address>
         <size>0x3e5</size>
         <input_file_ref idref="fl-bf"/>
      </object_component>
      <object_component id="oc-140">
         <name>.debug_info</name>
         <load_address>0x827b</load_address>
         <run_address>0x827b</run_address>
         <size>0x157</size>
         <input_file_ref idref="fl-bf"/>
      </object_component>
      <object_component id="oc-13c">
         <name>.debug_info</name>
         <load_address>0x83d2</load_address>
         <run_address>0x83d2</run_address>
         <size>0x166</size>
         <input_file_ref idref="fl-bf"/>
      </object_component>
      <object_component id="oc-d4">
         <name>.debug_info</name>
         <load_address>0x8538</load_address>
         <run_address>0x8538</run_address>
         <size>0x1ac</size>
         <input_file_ref idref="fl-bf"/>
      </object_component>
      <object_component id="oc-1f5">
         <name>.debug_info</name>
         <load_address>0x86e4</load_address>
         <run_address>0x86e4</run_address>
         <size>0xb2</size>
         <input_file_ref idref="fl-bf"/>
      </object_component>
      <object_component id="oc-1cc">
         <name>.debug_info</name>
         <load_address>0x8796</load_address>
         <run_address>0x8796</run_address>
         <size>0x590</size>
         <input_file_ref idref="fl-c0"/>
      </object_component>
      <object_component id="oc-197">
         <name>.debug_info</name>
         <load_address>0x8d26</load_address>
         <run_address>0x8d26</run_address>
         <size>0x21e</size>
         <input_file_ref idref="fl-c0"/>
      </object_component>
      <object_component id="oc-295">
         <name>.debug_info</name>
         <load_address>0x8f44</load_address>
         <run_address>0x8f44</run_address>
         <size>0x1b3</size>
         <input_file_ref idref="fl-c0"/>
      </object_component>
      <object_component id="oc-29b">
         <name>.debug_info</name>
         <load_address>0x90f7</load_address>
         <run_address>0x90f7</run_address>
         <size>0x21b</size>
         <input_file_ref idref="fl-c0"/>
      </object_component>
      <object_component id="oc-1a2">
         <name>.debug_info</name>
         <load_address>0x9312</load_address>
         <run_address>0x9312</run_address>
         <size>0x3c0</size>
         <input_file_ref idref="fl-c0"/>
      </object_component>
      <object_component id="oc-2a2">
         <name>.debug_info</name>
         <load_address>0x96d2</load_address>
         <run_address>0x96d2</run_address>
         <size>0x30a</size>
         <input_file_ref idref="fl-c0"/>
      </object_component>
      <object_component id="oc-2a8">
         <name>.debug_info</name>
         <load_address>0x99dc</load_address>
         <run_address>0x99dc</run_address>
         <size>0x215</size>
         <input_file_ref idref="fl-c0"/>
      </object_component>
      <object_component id="oc-1a9">
         <name>.debug_info</name>
         <load_address>0x9bf1</load_address>
         <run_address>0x9bf1</run_address>
         <size>0x215</size>
         <input_file_ref idref="fl-c0"/>
      </object_component>
      <object_component id="oc-1af">
         <name>.debug_info</name>
         <load_address>0x9e06</load_address>
         <run_address>0x9e06</run_address>
         <size>0x304</size>
         <input_file_ref idref="fl-c0"/>
      </object_component>
      <object_component id="oc-1b5">
         <name>.debug_info</name>
         <load_address>0xa10a</load_address>
         <run_address>0xa10a</run_address>
         <size>0x4b5</size>
         <input_file_ref idref="fl-c0"/>
      </object_component>
      <object_component id="oc-12e">
         <name>.debug_info</name>
         <load_address>0xa5bf</load_address>
         <run_address>0xa5bf</run_address>
         <size>0x5f4</size>
         <input_file_ref idref="fl-c0"/>
      </object_component>
      <object_component id="oc-1cd">
         <name>.debug_info</name>
         <load_address>0xabb3</load_address>
         <run_address>0xabb3</run_address>
         <size>0x86</size>
         <input_file_ref idref="fl-c0"/>
      </object_component>
      <object_component id="oc-2d1">
         <name>.debug_info</name>
         <load_address>0xac39</load_address>
         <run_address>0xac39</run_address>
         <size>0x39</size>
         <input_file_ref idref="fl-c0"/>
      </object_component>
      <object_component id="oc-386">
         <name>.debug_info</name>
         <load_address>0xac72</load_address>
         <run_address>0xac72</run_address>
         <size>0xb6</size>
         <input_file_ref idref="fl-c0"/>
      </object_component>
      <object_component id="oc-2d6">
         <name>.debug_info</name>
         <load_address>0xad28</load_address>
         <run_address>0xad28</run_address>
         <size>0x46</size>
         <input_file_ref idref="fl-c0"/>
      </object_component>
      <object_component id="oc-1d2">
         <name>.debug_info</name>
         <load_address>0xad6e</load_address>
         <run_address>0xad6e</run_address>
         <size>0x46</size>
         <input_file_ref idref="fl-c0"/>
      </object_component>
      <object_component id="oc-2cc">
         <name>.debug_info</name>
         <load_address>0xadb4</load_address>
         <run_address>0xadb4</run_address>
         <size>0x2c</size>
         <input_file_ref idref="fl-c0"/>
      </object_component>
      <object_component id="oc-165">
         <name>.debug_info</name>
         <load_address>0xade0</load_address>
         <run_address>0xade0</run_address>
         <size>0x452</size>
         <input_file_ref idref="fl-c1"/>
      </object_component>
      <object_component id="oc-162">
         <name>.debug_info</name>
         <load_address>0xb232</load_address>
         <run_address>0xb232</run_address>
         <size>0x228</size>
         <input_file_ref idref="fl-c1"/>
      </object_component>
      <object_component id="oc-156">
         <name>.debug_info</name>
         <load_address>0xb45a</load_address>
         <run_address>0xb45a</run_address>
         <size>0x161</size>
         <input_file_ref idref="fl-c1"/>
      </object_component>
      <object_component id="oc-15c">
         <name>.debug_info</name>
         <load_address>0xb5bb</load_address>
         <run_address>0xb5bb</run_address>
         <size>0x190</size>
         <input_file_ref idref="fl-c1"/>
      </object_component>
      <object_component id="oc-dd">
         <name>.debug_info</name>
         <load_address>0xb74b</load_address>
         <run_address>0xb74b</run_address>
         <size>0x195</size>
         <input_file_ref idref="fl-c1"/>
      </object_component>
      <object_component id="oc-32e">
         <name>.debug_info</name>
         <load_address>0xb8e0</load_address>
         <run_address>0xb8e0</run_address>
         <size>0x375</size>
         <input_file_ref idref="fl-c2"/>
      </object_component>
      <object_component id="oc-23e">
         <name>.debug_info</name>
         <load_address>0xbc55</load_address>
         <run_address>0xbc55</run_address>
         <size>0x1d1</size>
         <input_file_ref idref="fl-c2"/>
      </object_component>
      <object_component id="oc-2fb">
         <name>.debug_info</name>
         <load_address>0xbe26</load_address>
         <run_address>0xbe26</run_address>
         <size>0x383</size>
         <input_file_ref idref="fl-c3"/>
      </object_component>
      <object_component id="oc-1ed">
         <name>.debug_info</name>
         <load_address>0xc1a9</load_address>
         <run_address>0xc1a9</run_address>
         <size>0x1ea</size>
         <input_file_ref idref="fl-c3"/>
      </object_component>
      <object_component id="oc-2f9">
         <name>.debug_info</name>
         <load_address>0xc393</load_address>
         <run_address>0xc393</run_address>
         <size>0x3fc</size>
         <input_file_ref idref="fl-c4"/>
      </object_component>
      <object_component id="oc-1e8">
         <name>.debug_info</name>
         <load_address>0xc78f</load_address>
         <run_address>0xc78f</run_address>
         <size>0x2e2</size>
         <input_file_ref idref="fl-c4"/>
      </object_component>
      <object_component id="oc-be">
         <name>.debug_info</name>
         <load_address>0xca71</load_address>
         <run_address>0xca71</run_address>
         <size>0x2c</size>
         <input_file_ref idref="fl-c4"/>
      </object_component>
      <object_component id="oc-3ba">
         <name>.debug_info</name>
         <load_address>0xca9d</load_address>
         <run_address>0xca9d</run_address>
         <size>0x370</size>
         <input_file_ref idref="fl-c5"/>
      </object_component>
      <object_component id="oc-323">
         <name>.debug_info</name>
         <load_address>0xce0d</load_address>
         <run_address>0xce0d</run_address>
         <size>0x1e2</size>
         <input_file_ref idref="fl-c5"/>
      </object_component>
      <object_component id="oc-392">
         <name>.debug_info</name>
         <load_address>0xcfef</load_address>
         <run_address>0xcfef</run_address>
         <size>0x300</size>
         <input_file_ref idref="fl-c6"/>
      </object_component>
      <object_component id="oc-2e4">
         <name>.debug_info</name>
         <load_address>0xd2ef</load_address>
         <run_address>0xd2ef</run_address>
         <size>0x19c</size>
         <input_file_ref idref="fl-c6"/>
      </object_component>
      <object_component id="oc-31f">
         <name>.debug_info</name>
         <load_address>0xd48b</load_address>
         <run_address>0xd48b</run_address>
         <size>0x18e</size>
         <input_file_ref idref="fl-c6"/>
      </object_component>
      <object_component id="oc-3d3">
         <name>.debug_info</name>
         <load_address>0xd619</load_address>
         <run_address>0xd619</run_address>
         <size>0xbf</size>
         <input_file_ref idref="fl-c6"/>
      </object_component>
      <object_component id="oc-3d2">
         <name>.debug_info</name>
         <load_address>0xd6d8</load_address>
         <run_address>0xd6d8</run_address>
         <size>0x374</size>
         <input_file_ref idref="fl-c7"/>
      </object_component>
      <object_component id="oc-333">
         <name>.debug_info</name>
         <load_address>0xda4c</load_address>
         <run_address>0xda4c</run_address>
         <size>0x20b</size>
         <input_file_ref idref="fl-c7"/>
      </object_component>
      <object_component id="oc-336">
         <name>.debug_info</name>
         <load_address>0xdc57</load_address>
         <run_address>0xdc57</run_address>
         <size>0x310</size>
         <input_file_ref idref="fl-c8"/>
      </object_component>
      <object_component id="oc-246">
         <name>.debug_info</name>
         <load_address>0xdf67</load_address>
         <run_address>0xdf67</run_address>
         <size>0x1b7</size>
         <input_file_ref idref="fl-c8"/>
      </object_component>
      <object_component id="oc-36b">
         <name>.debug_info</name>
         <load_address>0xe11e</load_address>
         <run_address>0xe11e</run_address>
         <size>0x295</size>
         <input_file_ref idref="fl-c9"/>
      </object_component>
      <object_component id="oc-2b0">
         <name>.debug_info</name>
         <load_address>0xe3b3</load_address>
         <run_address>0xe3b3</run_address>
         <size>0x195</size>
         <input_file_ref idref="fl-c9"/>
      </object_component>
      <object_component id="oc-3df">
         <name>.debug_info</name>
         <load_address>0xe548</load_address>
         <run_address>0xe548</run_address>
         <size>0x39</size>
         <input_file_ref idref="fl-c9"/>
      </object_component>
      <object_component id="oc-36c">
         <name>.debug_info</name>
         <load_address>0xe581</load_address>
         <run_address>0xe581</run_address>
         <size>0x2c</size>
         <input_file_ref idref="fl-c9"/>
      </object_component>
      <object_component id="oc-378">
         <name>.debug_info</name>
         <load_address>0xe5ad</load_address>
         <run_address>0xe5ad</run_address>
         <size>0x2f8</size>
         <input_file_ref idref="fl-ca"/>
      </object_component>
      <object_component id="oc-2b6">
         <name>.debug_info</name>
         <load_address>0xe8a5</load_address>
         <run_address>0xe8a5</run_address>
         <size>0x225</size>
         <input_file_ref idref="fl-ca"/>
      </object_component>
      <object_component id="oc-2c4">
         <name>.debug_info</name>
         <load_address>0xeaca</load_address>
         <run_address>0xeaca</run_address>
         <size>0x28f</size>
         <input_file_ref idref="fl-cb"/>
      </object_component>
      <object_component id="oc-1c2">
         <name>.debug_info</name>
         <load_address>0xed59</load_address>
         <run_address>0xed59</run_address>
         <size>0x15a</size>
         <input_file_ref idref="fl-cb"/>
      </object_component>
      <object_component id="oc-37b">
         <name>.debug_info</name>
         <load_address>0xeeb3</load_address>
         <run_address>0xeeb3</run_address>
         <size>0x46</size>
         <input_file_ref idref="fl-cb"/>
      </object_component>
      <object_component id="oc-2bf">
         <name>.debug_info</name>
         <load_address>0xeef9</load_address>
         <run_address>0xeef9</run_address>
         <size>0x39</size>
         <input_file_ref idref="fl-cb"/>
      </object_component>
      <object_component id="oc-290">
         <name>.debug_info</name>
         <load_address>0xef32</load_address>
         <run_address>0xef32</run_address>
         <size>0x14c</size>
         <input_file_ref idref="fl-cc"/>
      </object_component>
      <object_component id="oc-19d">
         <name>.debug_info</name>
         <load_address>0xf07e</load_address>
         <run_address>0xf07e</run_address>
         <size>0x128</size>
         <input_file_ref idref="fl-cd"/>
      </object_component>
      <object_component id="oc-27b">
         <name>.debug_info</name>
         <load_address>0xf1a6</load_address>
         <run_address>0xf1a6</run_address>
         <size>0x12a</size>
         <input_file_ref idref="fl-cd"/>
      </object_component>
      <object_component id="oc-277">
         <name>.debug_info</name>
         <load_address>0xf2d0</load_address>
         <run_address>0xf2d0</run_address>
         <size>0x13a</size>
         <input_file_ref idref="fl-ce"/>
      </object_component>
      <object_component id="oc-271">
         <name>.debug_info</name>
         <load_address>0xf40a</load_address>
         <run_address>0xf40a</run_address>
         <size>0x13a</size>
         <input_file_ref idref="fl-cf"/>
      </object_component>
      <object_component id="oc-282">
         <name>.debug_info</name>
         <load_address>0xf544</load_address>
         <run_address>0xf544</run_address>
         <size>0x12e</size>
         <input_file_ref idref="fl-d0"/>
      </object_component>
      <object_component id="oc-28c">
         <name>.debug_info</name>
         <load_address>0xf672</load_address>
         <run_address>0xf672</run_address>
         <size>0x12c</size>
         <input_file_ref idref="fl-d1"/>
      </object_component>
      <object_component id="oc-42">
         <name>.debug_info</name>
         <load_address>0xf79e</load_address>
         <run_address>0xf79e</run_address>
         <size>0x119</size>
         <input_file_ref idref="fl-d2"/>
      </object_component>
      <object_component id="oc-26a">
         <name>.debug_info</name>
         <load_address>0xf8b7</load_address>
         <run_address>0xf8b7</run_address>
         <size>0x134</size>
         <input_file_ref idref="fl-d3"/>
      </object_component>
      <object_component id="oc-90">
         <name>.debug_info</name>
         <load_address>0xf9eb</load_address>
         <run_address>0xf9eb</run_address>
         <size>0x147</size>
         <input_file_ref idref="fl-d4"/>
      </object_component>
      <object_component id="oc-8c">
         <name>.debug_info</name>
         <load_address>0xfb32</load_address>
         <run_address>0xfb32</run_address>
         <size>0x2d4</size>
         <input_file_ref idref="fl-d5"/>
      </object_component>
      <object_component id="oc-4f">
         <name>.debug_info</name>
         <load_address>0xfe06</load_address>
         <run_address>0xfe06</run_address>
         <size>0x1d2</size>
         <input_file_ref idref="fl-d5"/>
      </object_component>
      <object_component id="oc-87">
         <name>.debug_info</name>
         <load_address>0xffd8</load_address>
         <run_address>0xffd8</run_address>
         <size>0x46</size>
         <input_file_ref idref="fl-d5"/>
      </object_component>
      <object_component id="oc-4a">
         <name>.debug_info</name>
         <load_address>0x1001e</load_address>
         <run_address>0x1001e</run_address>
         <size>0x2a8</size>
         <input_file_ref idref="fl-d6"/>
      </object_component>
      <object_component id="oc-1d">
         <name>.debug_info</name>
         <load_address>0x102c6</load_address>
         <run_address>0x102c6</run_address>
         <size>0x1ea</size>
         <input_file_ref idref="fl-d6"/>
      </object_component>
      <object_component id="oc-45">
         <name>.debug_info</name>
         <load_address>0x104b0</load_address>
         <run_address>0x104b0</run_address>
         <size>0x46</size>
         <input_file_ref idref="fl-d6"/>
      </object_component>
      <object_component id="oc-7f">
         <name>.debug_info</name>
         <load_address>0x104f6</load_address>
         <run_address>0x104f6</run_address>
         <size>0x2c</size>
         <input_file_ref idref="fl-d6"/>
      </object_component>
      <object_component id="oc-7d">
         <name>.debug_info</name>
         <load_address>0x10522</load_address>
         <run_address>0x10522</run_address>
         <size>0x29e</size>
         <input_file_ref idref="fl-d7"/>
      </object_component>
      <object_component id="oc-1a">
         <name>.debug_info</name>
         <load_address>0x107c0</load_address>
         <run_address>0x107c0</run_address>
         <size>0x250</size>
         <input_file_ref idref="fl-d7"/>
      </object_component>
      <object_component id="oc-35">
         <name>.debug_info</name>
         <load_address>0x10a10</load_address>
         <run_address>0x10a10</run_address>
         <size>0x60</size>
         <input_file_ref idref="fl-d7"/>
      </object_component>
      <object_component id="oc-b7">
         <name>.debug_info</name>
         <load_address>0x10a70</load_address>
         <run_address>0x10a70</run_address>
         <size>0x46</size>
         <input_file_ref idref="fl-d7"/>
      </object_component>
      <object_component id="oc-78">
         <name>.debug_info</name>
         <load_address>0x10ab6</load_address>
         <run_address>0x10ab6</run_address>
         <size>0x39</size>
         <input_file_ref idref="fl-d7"/>
      </object_component>
      <object_component id="oc-16d">
         <name>.debug_info</name>
         <load_address>0x10aef</load_address>
         <run_address>0x10aef</run_address>
         <size>0x3ad</size>
         <input_file_ref idref="fl-d8"/>
      </object_component>
      <object_component id="oc-16a">
         <name>.debug_info</name>
         <load_address>0x10e9c</load_address>
         <run_address>0x10e9c</run_address>
         <size>0x190</size>
         <input_file_ref idref="fl-d8"/>
      </object_component>
      <object_component id="oc-e7">
         <name>.debug_info</name>
         <load_address>0x1102c</load_address>
         <run_address>0x1102c</run_address>
         <size>0x122</size>
         <input_file_ref idref="fl-d8"/>
      </object_component>
      <object_component id="oc-ea">
         <name>.debug_info</name>
         <load_address>0x1114e</load_address>
         <run_address>0x1114e</run_address>
         <size>0x184</size>
         <input_file_ref idref="fl-d8"/>
      </object_component>
      <object_component id="oc-1df">
         <name>.debug_info</name>
         <load_address>0x112d2</load_address>
         <run_address>0x112d2</run_address>
         <size>0x2c9</size>
         <input_file_ref idref="fl-d9"/>
      </object_component>
      <object_component id="oc-134">
         <name>.debug_info</name>
         <load_address>0x1159b</load_address>
         <run_address>0x1159b</run_address>
         <size>0x11e</size>
         <input_file_ref idref="fl-d9"/>
      </object_component>
      <object_component id="oc-1d8">
         <name>.debug_info</name>
         <load_address>0x116b9</load_address>
         <run_address>0x116b9</run_address>
         <size>0x12e</size>
         <input_file_ref idref="fl-d9"/>
      </object_component>
      <object_component id="oc-363">
         <name>.debug_info</name>
         <load_address>0x117e7</load_address>
         <run_address>0x117e7</run_address>
         <size>0x29c</size>
         <input_file_ref idref="fl-da"/>
      </object_component>
      <object_component id="oc-285">
         <name>.debug_info</name>
         <load_address>0x11a83</load_address>
         <run_address>0x11a83</run_address>
         <size>0x1da</size>
         <input_file_ref idref="fl-da"/>
      </object_component>
      <object_component id="oc-268">
         <name>.debug_info</name>
         <load_address>0x11c5d</load_address>
         <run_address>0x11c5d</run_address>
         <size>0x2b9</size>
         <input_file_ref idref="fl-db"/>
      </object_component>
      <object_component id="oc-193">
         <name>.debug_info</name>
         <load_address>0x11f16</load_address>
         <run_address>0x11f16</run_address>
         <size>0x17c</size>
         <input_file_ref idref="fl-db"/>
      </object_component>
      <object_component id="oc-314">
         <name>.debug_info</name>
         <load_address>0x12092</load_address>
[...]
      <symbol id="sm-19c">
         <name>DMA_INT0_IRQHandler</name>
         <value>0x3871</value>
         <object_component_ref idref="oc-2b"/>
      </symbol>
      <symbol id="sm-19d">
         <name>PORT3_IRQHandler</name>
         <value>0x3877</value>
         <object_component_ref idref="oc-2b"/>
      </symbol>
      <symbol id="sm-19e">
         <name>CS_IRQHandler</name>
         <value>0x382f</value>
         <object_component_ref idref="oc-2b"/>
      </symbol>
      <symbol id="sm-1ca">
         <name>printf</name>
         <value>0x404d</value>
         <object_component_ref idref="oc-d3"/>
      </symbol>
      <symbol id="sm-334">
         <name>__TI_printfi</name>
         <value>0xc59</value>
         <object_component_ref idref="oc-12d"/>
      </symbol>
      <symbol id="sm-370">
         <name>scanf</name>
         <value>0x40b5</value>
         <object_component_ref idref="oc-d9"/>
      </symbol>
      <symbol id="sm-384">
         <name>getc</name>
         <value>0x3b59</value>
         <object_component_ref idref="oc-23b"/>
      </symbol>
      <symbol id="sm-385">
         <name>fgetc</name>
         <value>0x3b59</value>
         <object_component_ref idref="oc-23b"/>
      </symbol>
      <symbol id="sm-39a">
         <name>putc</name>
         <value>0x3939</value>
         <object_component_ref idref="oc-1ec"/>
      </symbol>
      <symbol id="sm-39b">
         <name>fputc</name>
         <value>0x3939</value>
         <object_component_ref idref="oc-1ec"/>
      </symbol>
      <symbol id="sm-3be">
         <name>fputs</name>
         <value>0x2f2d</value>
         <object_component_ref idref="oc-1e5"/>
      </symbol>
      <symbol id="sm-3d7">
         <name>__TI_buff_read</name>
         <value>0x36d1</value>
         <object_component_ref idref="oc-321"/>
      </symbol>
      <symbol id="sm-3fc">
         <name>__TI_wrt_ok</name>
         <value>0x41e5</value>
         <object_component_ref idref="oc-2e0"/>
      </symbol>
      <symbol id="sm-3fd">
         <name>__TI_rd_ok</name>
         <value>0x4549</value>
         <object_component_ref idref="oc-31b"/>
      </symbol>
      <symbol id="sm-419">
         <name>setvbuf</name>
         <value>0x3541</value>
         <object_component_ref idref="oc-32f"/>
      </symbol>
      <symbol id="sm-42d">
         <name>ungetc</name>
         <value>0x3bdd</value>
         <object_component_ref idref="oc-242"/>
      </symbol>
      <symbol id="sm-44d">
         <name>frexpl</name>
         <value>0x411d</value>
         <object_component_ref idref="oc-2af"/>
      </symbol>
      <symbol id="sm-44e">
         <name>frexp</name>
         <value>0x411d</value>
         <object_component_ref idref="oc-2af"/>
      </symbol>
      <symbol id="sm-46b">
         <name>scalbn</name>
         <value>0x3041</value>
         <object_component_ref idref="oc-2b5"/>
      </symbol>
      <symbol id="sm-46c">
         <name>scalbnl</name>
         <value>0x3041</value>
         <object_component_ref idref="oc-2b5"/>
      </symbol>
      <symbol id="sm-46d">
         <name>ldexpl</name>
         <value>0x3041</value>
         <object_component_ref idref="oc-2b5"/>
      </symbol>
      <symbol id="sm-46e">
         <name>ldexp</name>
         <value>0x3041</value>
         <object_component_ref idref="oc-2b5"/>
      </symbol>
      <symbol id="sm-487">
         <name>wcslen</name>
         <value>0x4ac1</value>
         <object_component_ref idref="oc-1bf"/>
      </symbol>
      <symbol id="sm-49e">
         <name>__aeabi_dsub</name>
         <value>0x25e1</value>
         <object_component_ref idref="oc-28f"/>
      </symbol>
      <symbol id="sm-49f">
         <name>__aeabi_dadd</name>
         <value>0x25eb</value>
         <object_component_ref idref="oc-28f"/>
      </symbol>
      <symbol id="sm-4c1">
         <name>__aeabi_cdcmpeq</name>
         <value>0x3a4d</value>
         <object_component_ref idref="oc-19c"/>
      </symbol>
      <symbol id="sm-4c2">
         <name>__aeabi_cdcmple</name>
         <value>0x3a4d</value>
         <object_component_ref idref="oc-19c"/>
      </symbol>
      <symbol id="sm-4c3">
         <name>__aeabi_cdrcmple</name>
         <value>0x3ad3</value>
         <object_component_ref idref="oc-27a"/>
      </symbol>
      <symbol id="sm-4d7">
         <name>__aeabi_ddiv</name>
         <value>0x2ba1</value>
         <object_component_ref idref="oc-275"/>
      </symbol>
      <symbol id="sm-4e2">
         <name>__aeabi_dmul</name>
         <value>0x3361</value>
         <object_component_ref idref="oc-270"/>
      </symbol>
      <symbol id="sm-4ec">
         <name>__aeabi_d2iz</name>
         <value>0x45dd</value>
         <object_component_ref idref="oc-27f"/>
      </symbol>
      <symbol id="sm-4f6">
         <name>__aeabi_i2d</name>
         <value>0x48b1</value>
         <object_component_ref idref="oc-28a"/>
      </symbol>
      <symbol id="sm-511">
         <name>memcpy</name>
         <value>0x376d</value>
         <object_component_ref idref="oc-3f"/>
      </symbol>
      <symbol id="sm-512">
         <name>__aeabi_memcpy</name>
         <value>0x376d</value>
         <object_component_ref idref="oc-3f"/>
      </symbol>
      <symbol id="sm-513">
         <name>__aeabi_memcpy8</name>
         <value>0x376d</value>
         <object_component_ref idref="oc-3f"/>
      </symbol>
      <symbol id="sm-514">
         <name>__aeabi_memcpy4</name>
         <value>0x376d</value>
         <object_component_ref idref="oc-3f"/>
      </symbol>
      <symbol id="sm-521">
         <name>__aeabi_uldivmod</name>
         <value>0x38a3</value>
         <object_component_ref idref="oc-269"/>
      </symbol>
      <symbol id="sm-530">
         <name>__aeabi_memset</name>
         <value>0x3c5f</value>
         <object_component_ref idref="oc-8d"/>
      </symbol>
      <symbol id="sm-531">
         <name>memset</name>
         <value>0x3c65</value>
         <object_component_ref idref="oc-8d"/>
      </symbol>
      <symbol id="sm-532">
         <name>__aeabi_memset8</name>
         <value>0x3c5f</value>
         <object_component_ref idref="oc-8d"/>
      </symbol>
      <symbol id="sm-533">
         <name>__aeabi_memset4</name>
         <value>0x3c5f</value>
         <object_component_ref idref="oc-8d"/>
      </symbol>
      <symbol id="sm-534">
         <name>__aeabi_memclr8</name>
         <value>0x3c5d</value>
         <object_component_ref idref="oc-8d"/>
      </symbol>
      <symbol id="sm-535">
         <name>__aeabi_memclr4</name>
         <value>0x3c5d</value>
         <object_component_ref idref="oc-8d"/>
      </symbol>
      <symbol id="sm-536">
         <name>__aeabi_memclr</name>
         <value>0x3c5d</value>
         <object_component_ref idref="oc-8d"/>
      </symbol>
      <symbol id="sm-54a">
         <name>__TI_zero_init_nomemset</name>
         <value>0x49cd</value>
         <object_component_ref idref="oc-4b"/>
      </symbol>
      <symbol id="sm-561">
         <name>__TI_decompress_none</name>
         <value>0x4ad3</value>
         <object_component_ref idref="oc-1c"/>
      </symbol>
      <symbol id="sm-584">
         <name>__TI_decompress_lzss</name>
         <value>0x3fe5</value>
         <object_component_ref idref="oc-16"/>
      </symbol>
      <symbol id="sm-5aa">
         <name>C$$EXIT</name>
         <value>0x4b0f</value>
         <object_component_ref idref="oc-e3"/>
      </symbol>
      <symbol id="sm-5ab">
         <name>abort</name>
         <value>0x4b0f</value>
         <object_component_ref idref="oc-e3"/>
      </symbol>
      <symbol id="sm-5ac">
         <name>__TI_dtors_ptr</name>
         <value>0x200005cc</value>
         <object_component_ref idref="oc-169"/>
      </symbol>
      <symbol id="sm-5ad">
         <name>__TI_cleanup_ptr</name>
         <value>0x200005c8</value>
         <object_component_ref idref="oc-169"/>
      </symbol>
      <symbol id="sm-5ae">
         <name>__TI_enable_exit_profile_output</name>
         <value>0x200005d0</value>
         <object_component_ref idref="oc-169"/>
      </symbol>
      <symbol id="sm-5af">
         <name>exit</name>
         <value>0x4595</value>
         <object_component_ref idref="oc-e9"/>
      </symbol>
      <symbol id="sm-5c4">
         <name>_nop</name>
         <value>0x16a7</value>
         <object_component_ref idref="oc-1d7"/>
      </symbol>
      <symbol id="sm-5c5">
         <name>_lock</name>
         <value>0x200005d4</value>
         <object_component_ref idref="oc-133"/>
      </symbol>
      <symbol id="sm-5c6">
         <name>_unlock</name>
         <value>0x200005d8</value>
         <object_component_ref idref="oc-133"/>
      </symbol>
      <symbol id="sm-5d5">
         <name>__TI_ltoa</name>
         <value>0x440b</value>
         <object_component_ref idref="oc-284"/>
      </symbol>
      <symbol id="sm-5eb">
         <name>atoi</name>
         <value>0x44fd</value>
         <object_component_ref idref="oc-190"/>
      </symbol>
      <symbol id="sm-5f6">
         <name>_ctypes_</name>
         <value>0x4b18</value>
         <object_component_ref idref="oc-223"/>
      </symbol>
      <symbol id="sm-60b">
         <name>__TI_tmpnams</name>
         <value>0x2000070c</value>
      </symbol>
      <symbol id="sm-60c">
         <name>__aeabi_stdout</name>
         <value>0x200005c0</value>
         <object_component_ref idref="oc-3b6"/>
      </symbol>
      <symbol id="sm-60d">
         <name>__aeabi_stderr</name>
         <value>0x200005c4</value>
         <object_component_ref idref="oc-3b6"/>
      </symbol>
      <symbol id="sm-60e">
         <name>__aeabi_stdin</name>
         <value>0x200005bc</value>
         <object_component_ref idref="oc-3b6"/>
      </symbol>
      <symbol id="sm-60f">
         <name>_ftable</name>
         <value>0x20000400</value>
         <object_component_ref idref="oc-136"/>
      </symbol>
      <symbol id="sm-610">
         <name>__TI_ft_end</name>
         <value>0x200005b8</value>
         <object_component_ref idref="oc-3b6"/>
      </symbol>
      <symbol id="sm-620">
         <name>memccpy</name>
         <value>0x4a05</value>
         <object_component_ref idref="oc-1b9"/>
      </symbol>
      <symbol id="sm-630">
         <name>memchr</name>
         <value>0x49ad</value>
         <object_component_ref idref="oc-2e6"/>
      </symbol>
      <symbol id="sm-6b9">
         <name>_sys_memory</name>
         <value>0x20000000</value>
         <object_component_ref idref="oc-25"/>
      </symbol>
      <symbol id="sm-6ba">
         <name>free</name>
         <value>0x345d</value>
         <object_component_ref idref="oc-3bf"/>
      </symbol>
      <symbol id="sm-6bb">
         <name>memalign</name>
         <value>0x3261</value>
         <object_component_ref idref="oc-41a"/>
      </symbol>
      <symbol id="sm-6bc">
         <name>malloc</name>
         <value>0x4af5</value>
         <object_component_ref idref="oc-3c5"/>
      </symbol>
      <symbol id="sm-6bd">
         <name>aligned_alloc</name>
         <value>0x3261</value>
         <object_component_ref idref="oc-41a"/>
      </symbol>
      <symbol id="sm-6cd">
         <name>strchr</name>
         <value>0x4a83</value>
         <object_component_ref idref="oc-22c"/>
      </symbol>
      <symbol id="sm-6db">
         <name>strlen</name>
         <value>0x4aad</value>
         <object_component_ref idref="oc-18a"/>
      </symbol>
      <symbol id="sm-6f1">
         <name>__aeabi_errno_addr</name>
         <value>0x4aed</value>
         <object_component_ref idref="oc-1c5"/>
      </symbol>
      <symbol id="sm-6f2">
         <name>errno</name>
         <value>0x200005e4</value>
         <object_component_ref idref="oc-2c5"/>
      </symbol>
      <symbol id="sm-705">
         <name>__stack</name>
         <value>0x2000fe00</value>
         <object_component_ref idref="oc-28"/>
      </symbol>
      <symbol id="sm-706">
         <name>_c_int00_noargs</name>
         <value>0x484d</value>
         <object_component_ref idref="oc-5d"/>
      </symbol>
      <symbol id="sm-720">
         <name>write</name>
         <value>0x4985</value>
         <object_component_ref idref="oc-2f2"/>
      </symbol>
      <symbol id="sm-731">
         <name>_stream</name>
         <value>0x20000568</value>
         <object_component_ref idref="oc-397"/>
      </symbol>
      <symbol id="sm-732">
         <name>_device</name>
         <value>0x200004f0</value>
         <object_component_ref idref="oc-3f5"/>
      </symbol>
      <symbol id="sm-742">
         <name>read</name>
         <value>0x495d</value>
         <object_component_ref idref="oc-327"/>
      </symbol>
      <symbol id="sm-7f8">
         <name>__TI_scanfi</name>
         <value>0x145</value>
         <object_component_ref idref="oc-14c"/>
      </symbol>
      <symbol id="sm-808">
         <name>__TI_doflush</name>
         <value>0x44b1</value>
         <object_component_ref idref="oc-2ec"/>
      </symbol>
      <symbol id="sm-818">
         <name>__TI_cleanup</name>
         <value>0x47e5</value>
         <object_component_ref idref="oc-3cb"/>
      </symbol>
      <symbol id="sm-82a">
         <name>fseek</name>
         <value>0x4181</value>
         <object_component_ref idref="oc-38b"/>
      </symbol>
      <symbol id="sm-834">
         <name>copysign</name>
         <value>0x4a21</value>
         <object_component_ref idref="oc-371"/>
      </symbol>
      <symbol id="sm-835">
         <name>copysignl</name>
         <value>0x4a21</value>
         <object_component_ref idref="oc-371"/>
      </symbol>
      <symbol id="sm-83f">
         <name>__aeabi_idiv0</name>
         <value>0x2797</value>
         <object_component_ref idref="oc-358"/>
      </symbol>
      <symbol id="sm-840">
         <name>__aeabi_ldiv0</name>
         <value>0x2797</value>
         <object_component_ref idref="oc-358"/>
      </symbol>
      <symbol id="sm-84c">
         <name>__aeabi_d2f</name>
         <value>0x3ea3</value>
         <object_component_ref idref="oc-212"/>
      </symbol>
      <symbol id="sm-874">
         <name>__TI_auto_init_nobinit_nopinit</name>
         <value>0x46ad</value>
         <object_component_ref idref="oc-ef"/>
      </symbol>
      <symbol id="sm-87e">
         <name>_system_pre_init</name>
         <value>0x4b0b</value>
         <object_component_ref idref="oc-93"/>
      </symbol>
      <symbol id="sm-88e">
         <name>strcpy</name>
         <value>0x4a99</value>
         <object_component_ref idref="oc-1fa"/>
      </symbol>
      <symbol id="sm-89d">
         <name>strrchr</name>
         <value>0x4a6b</value>
         <object_component_ref idref="oc-226"/>
      </symbol>
      <symbol id="sm-8fd">
         <name>strtold</name>
         <value>0x1b65</value>
         <object_component_ref idref="oc-20c"/>
      </symbol>
      <symbol id="sm-8fe">
         <name>strtod</name>
         <value>0x1b65</value>
         <object_component_ref idref="oc-20c"/>
      </symbol>
      <symbol id="sm-922">
         <name>strtol</name>
         <value>0x2cd9</value>
         <object_component_ref idref="oc-217"/>
      </symbol>
      <symbol id="sm-948">
         <name>strtoll</name>
         <value>0x2235</value>
         <object_component_ref idref="oc-21d"/>
      </symbol>
      <symbol id="sm-968">
         <name>strtoul</name>
         <value>0x3151</value>
         <object_component_ref idref="oc-206"/>
      </symbol>
      <symbol id="sm-98b">
         <name>strtoull</name>
         <value>0x2909</value>
         <object_component_ref idref="oc-200"/>
      </symbol>
      <symbol id="sm-99c">
         <name>HOSTclose</name>
         <value>0x4625</value>
         <object_component_ref idref="oc-434"/>
      </symbol>
      <symbol id="sm-9ad">
         <name>HOSTlseek</name>
         <value>0x3f7d</value>
         <object_component_ref idref="oc-446"/>
      </symbol>
      <symbol id="sm-9bf">
         <name>parmbuf</name>
         <value>0x200007ac</value>
      </symbol>
      <symbol id="sm-9c0">
         <name>HOSTopen</name>
         <value>0x4249</value>
         <object_component_ref idref="oc-42e"/>
      </symbol>
      <symbol id="sm-9d1">
         <name>HOSTread</name>
         <value>0x4305</value>
         <object_component_ref idref="oc-43a"/>
      </symbol>
      <symbol id="sm-9e2">
         <name>HOSTrename</name>
         <value>0x3f11</value>
         <object_component_ref idref="oc-452"/>
      </symbol>
      <symbol id="sm-9f3">
         <name>HOSTunlink</name>
         <value>0x4669</value>
         <object_component_ref idref="oc-44c"/>
      </symbol>
      <symbol id="sm-a04">
         <name>HOSTwrite</name>
         <value>0x435d</value>
         <object_component_ref idref="oc-440"/>
      </symbol>
      <symbol id="sm-a28">
         <name>__TI_readmsg</name>
         <value>0x4819</value>
         <object_component_ref idref="oc-47f"/>
      </symbol>
      <symbol id="sm-a29">
         <name>C$$IO$$</name>
         <value>0x47a3</value>
         <object_component_ref idref="oc-479"/>
      </symbol>
      <symbol id="sm-a2a">
         <name>__CIOBUF_</name>
         <value>0x200005ec</value>
         <object_component_ref idref="oc-4a4"/>
      </symbol>
      <symbol id="sm-a2b">
         <name>__TI_writemsg</name>
         <value>0x4775</value>
         <object_component_ref idref="oc-479"/>
      </symbol>
      <symbol id="sm-a3c">
         <name>lseek</name>
         <value>0x4935</value>
         <object_component_ref idref="oc-3e7"/>
      </symbol>
      <symbol id="sm-a51">
         <name>__TI_closefile</name>
         <value>0x3d51</value>
         <object_component_ref idref="oc-421"/>
      </symbol>
      <symbol id="sm-a74">
         <name>finddevice</name>
         <value>0x4881</value>
         <object_component_ref idref="oc-4c0"/>
      </symbol>
      <symbol id="sm-a75">
         <name>getdevice</name>
         <value>0x46f1</value>
         <object_component_ref idref="oc-49a"/>
      </symbol>
      <symbol id="sm-a7e">
         <name>__aeabi_lmul</name>
         <value>0x4a3b</value>
         <object_component_ref idref="oc-2fe"/>
      </symbol>
      <symbol id="sm-a8d">
         <name>strcmp</name>
         <value>0x4a53</value>
         <object_component_ref idref="oc-4d5"/>
      </symbol>
      <symbol id="sm-a9d">
         <name>strncpy</name>
         <value>0x47ad</value>
         <object_component_ref idref="oc-4ba"/>
      </symbol>
      <symbol id="sm-ab2">
         <name>close</name>
         <value>0x42a9</value>
         <object_component_ref idref="oc-468"/>
      </symbol>
      <symbol id="sm-ac2">
         <name>unlink</name>
         <value>0x48e1</value>
         <object_component_ref idref="oc-46e"/>
      </symbol>
      <symbol id="sm-ac3">
         <name>__TI_static_base__</name>
         <value>0x0</value>
      </symbol>
      <symbol id="sm-ac6">
         <name>__mpu_init</name>
         <value>0x0</value>
      </symbol>
      <symbol id="sm-ac7">
         <name>_system_post_cinit</name>
         <value>0x0</value>
      </symbol>
      <symbol id="sm-ac8">
         <name>remove</name>
         <value>0x48e1</value>
      </symbol>
   </symbol_table>
   <title>Link successful</title>
</link_info>
